org.junit.platform.commons@${platformVersion} jar:file:.+junit-platform-commons/build/libs/junit-platform-commons-${platformVersion}.jar/!module-info.class
exports org.junit.platform.commons
exports org.junit.platform.commons.annotation
exports org.junit.platform.commons.function
exports org.junit.platform.commons.logging
exports org.junit.platform.commons.support
exports org.junit.platform.commons.util
requires java.base mandated
requires java.compiler
requires java.logging transitive
requires org.apiguardian.api transitive